data/2-leg-chess-1.txt
* Jeu initialisÃ© !

     a     b     c     d     e     f     g     h    
  â”â”â”â”â”â”â”³â”â”â”â”â”â”³â”â”â”â”â”â”³â”â”â”â”â”â”³â”â”â”â”â”â”³â”â”â”â”â”â”³â”â”â”â”â”â”³â”â”â”â”â”â”“
8 â”ƒ  â™œ  â”ƒ  â™ž  â”ƒ  â™  â”ƒ  â™›  â”ƒ  â™š  â”ƒ  â™  â”ƒ  â™ž  â”ƒ  â™œ  â”ƒ
  â” â”â”â”â”â”â•‹â”â”â”â”â”â•‹â”â”â”â”â”â•‹â”â”â”â”â”â•‹â”â”â”â”â”â•‹â”â”â”â”â”â•‹â”â”â”â”â”â•‹â”â”â”â”â”â”«
7 â”ƒ  â™Ÿ   â”ƒ  â™Ÿ  â”ƒ  â™Ÿ  â”ƒ  â™Ÿ  â”ƒ  â™Ÿ  â”ƒ  â™Ÿ  â”ƒ  â™Ÿ  â”ƒ  â™Ÿ  â”ƒ
  â” â”â”â”â”â”â•‹â”â”â”â”â”â•‹â”â”â”â”â”â•‹â”â”â”â”â”â•‹â”â”â”â”â”â•‹â”â”â”â”â”â•‹â”â”â”â”â”â•‹â”â”â”â”â”â”«
6 â”ƒ     â”ƒ     â”ƒ     â”ƒ     â”ƒ     â”ƒ     â”ƒ     â”ƒ     â”ƒ
  â” â”â”â”â”â”â•‹â”â”â”â”â”â•‹â”â”â”â”â”â•‹â”â”â”â”â”â•‹â”â”â”â”â”â•‹â”â”â”â”â”â•‹â”â”â”â”â”â•‹â”â”â”â”â”â”«
5 â”ƒ     â”ƒ     â”ƒ     â”ƒ     â”ƒ     â”ƒ     â”ƒ     â”ƒ     â”ƒ
  â” â”â”â”â”â”â•‹â”â”â”â”â”â•‹â”â”â”â”â”â•‹â”â”â”â”â”â•‹â”â”â”â”â”â•‹â”â”â”â”â”â•‹â”â”â”â”â”â•‹â”â”â”â”â”â”«
4 â”ƒ     â”ƒ     â”ƒ     â”ƒ     â”ƒ     â”ƒ     â”ƒ     â”ƒ     â”ƒ
  â” â”â”â”â”â”â•‹â”â”â”â”â”â•‹â”â”â”â”â”â•‹â”â”â”â”â”â•‹â”â”â”â”â”â•‹â”â”â”â”â”â•‹â”â”â”â”â”â•‹â”â”â”â”â”â”«
3 â”ƒ     â”ƒ     â”ƒ     â”ƒ     â”ƒ     â”ƒ     â”ƒ     â”ƒ     â”ƒ
  â” â”â”â”â”â”â•‹â”â”â”â”â”â•‹â”â”â”â”â”â•‹â”â”â”â”â”â•‹â”â”â”â”â”â•‹â”â”â”â”â”â•‹â”â”â”â”â”â•‹â”â”â”â”â”â”«
2 â”ƒ  â™™   â”ƒ  â™™  â”ƒ  â™™  â”ƒ  â™™  â”ƒ  â™™  â”ƒ  â™™  â”ƒ  â™™  â”ƒ  â™™  â”ƒ
  â” â”â”â”â”â”â•‹â”â”â”â”â”â•‹â”â”â”â”â”â•‹â”â”â”â”â”â•‹â”â”â”â”â”â•‹â”â”â”â”â”â•‹â”â”â”â”â”â•‹â”â”â”â”â”â”«
1 â”ƒ  â™–  â”ƒ  â™˜  â”ƒ  â™—  â”ƒ  â™•  â”ƒ  â™”  â”ƒ  â™—  â”ƒ  â™˜  â”ƒ  â™–  â”ƒ
  â”—â”â”â”â”â”â”»â”â”â”â”â”â”»â”â”â”â”â”â”»â”â”â”â”â”â”»â”â”â”â”â”â”»â”â”â”â”â”â”»â”â”â”â”â”â”»â”â”â”â”â”â”›
1. Blanc -> ** verif pour e2->e4
[e2e4]

     a     b     c     d     e     f     g     h    
  â”â”â”â”â”â”â”³â”â”â”â”â”â”³â”â”â”â”â”â”³â”â”â”â”â”â”³â”â”â”â”â”â”³â”â”â”â”â”â”³â”â”â”â”â”â”³â”â”â”â”â”â”“
8 â”ƒ  â™œ  â”ƒ  â™ž  â”ƒ  â™  â”ƒ  â™›  â”ƒ  â™š  â”ƒ  â™  â”ƒ  â™ž  â”ƒ  â™œ  â”ƒ
  â” â”â”â”â”â”â•‹â”â”â”â”â”â•‹â”â”â”â”â”â•‹â”â”â”â”â”â•‹â”â”â”â”â”â•‹â”â”â”â”â”â•‹â”â”â”â”â”â•‹â”â”â”â”â”â”«
7 â”ƒ  â™Ÿ   â”ƒ  â™Ÿ  â”ƒ  â™Ÿ  â”ƒ  â™Ÿ  â”ƒ  â™Ÿ  â”ƒ  â™Ÿ  â”ƒ  â™Ÿ  â”ƒ  â™Ÿ  â”ƒ
  â” â”â”â”â”â”â•‹â”â”â”â”â”â•‹â”â”â”â”â”â•‹â”â”â”â”â”â•‹â”â”â”â”â”â•‹â”â”â”â”â”â•‹â”â”â”â”â”â•‹â”â”â”â”â”â”«
6 â”ƒ     â”ƒ     â”ƒ     â”ƒ     â”ƒ     â”ƒ     â”ƒ     â”ƒ     â”ƒ
  â” â”â”â”â”â”â•‹â”â”â”â”â”â•‹â”â”â”â”â”â•‹â”â”â”â”â”â•‹â”â”â”â”â”â•‹â”â”â”â”â”â•‹â”â”â”â”â”â•‹â”â”â”â”â”â”«
5 â”ƒ     â”ƒ     â”ƒ     â”ƒ     â”ƒ     â”ƒ     â”ƒ     â”ƒ     â”ƒ
  â” â”â”â”â”â”â•‹â”â”â”â”â”â•‹â”â”â”â”â”â•‹â”â”â”â”â”â•‹â”â”â”â”â”â•‹â”â”â”â”â”â•‹â”â”â”â”â”â•‹â”â”â”â”â”â”«
4 â”ƒ     â”ƒ     â”ƒ     â”ƒ     â”ƒ  â™™  â”ƒ     â”ƒ     â”ƒ     â”ƒ
  â” â”â”â”â”â”â•‹â”â”â”â”â”â•‹â”â”â”â”â”â•‹â”â”â”â”â”â•‹â”â”â”â”â”â•‹â”â”â”â”â”â•‹â”â”â”â”â”â•‹â”â”â”â”â”â”«
3 â”ƒ     â”ƒ     â”ƒ     â”ƒ     â”ƒ     â”ƒ     â”ƒ     â”ƒ     â”ƒ
  â” â”â”â”â”â”â•‹â”â”â”â”â”â•‹â”â”â”â”â”â•‹â”â”â”â”â”â•‹â”â”â”â”â”â•‹â”â”â”â”â”â•‹â”â”â”â”â”â•‹â”â”â”â”â”â”«
2 â”ƒ  â™™   â”ƒ  â™™  â”ƒ  â™™  â”ƒ  â™™  â”ƒ     â”ƒ  â™™  â”ƒ  â™™  â”ƒ  â™™  â”ƒ
  â” â”â”â”â”â”â•‹â”â”â”â”â”â•‹â”â”â”â”â”â•‹â”â”â”â”â”â•‹â”â”â”â”â”â•‹â”â”â”â”â”â•‹â”â”â”â”â”â•‹â”â”â”â”â”â”«
1 â”ƒ  â™–  â”ƒ  â™˜  â”ƒ  â™—  â”ƒ  â™•  â”ƒ  â™”  â”ƒ  â™—  â”ƒ  â™˜  â”ƒ  â™–  â”ƒ
  â”—â”â”â”â”â”â”»â”â”â”â”â”â”»â”â”â”â”â”â”»â”â”â”â”â”â”»â”â”â”â”â”â”»â”â”â”â”â”â”»â”â”â”â”â”â”»â”â”â”â”â”â”›
1. Noir -> ** verif pour f7->f6
[f7f6]

     a     b     c     d     e     f     g     h    
  â”â”â”â”â”â”â”³â”â”â”â”â”â”³â”â”â”â”â”â”³â”â”â”â”â”â”³â”â”â”â”â”â”³â”â”â”â”â”â”³â”â”â”â”â”â”³â”â”â”â”â”â”“
8 â”ƒ  â™œ  â”ƒ  â™ž  â”ƒ  â™  â”ƒ  â™›  â”ƒ  â™š  â”ƒ  â™  â”ƒ  â™ž  â”ƒ  â™œ  â”ƒ
  â” â”â”â”â”â”â•‹â”â”â”â”â”â•‹â”â”â”â”â”â•‹â”â”â”â”â”â•‹â”â”â”â”â”â•‹â”â”â”â”â”â•‹â”â”â”â”â”â•‹â”â”â”â”â”â”«
7 â”ƒ  â™Ÿ   â”ƒ  â™Ÿ  â”ƒ  â™Ÿ  â”ƒ  â™Ÿ  â”ƒ  â™Ÿ  â”ƒ     â”ƒ  â™Ÿ  â”ƒ  â™Ÿ  â”ƒ
  â” â”â”â”â”â”â•‹â”â”â”â”â”â•‹â”â”â”â”â”â•‹â”â”â”â”â”â•‹â”â”â”â”â”â•‹â”â”â”â”â”â•‹â”â”â”â”â”â•‹â”â”â”â”â”â”«
6 â”ƒ     â”ƒ     â”ƒ     â”ƒ     â”ƒ     â”ƒ  â™Ÿ  â”ƒ     â”ƒ     â”ƒ
  â” â”â”â”â”â”â•‹â”â”â”â”â”â•‹â”â”â”â”â”â•‹â”â”â”â”â”â•‹â”â”â”â”â”â•‹â”â”â”â”â”â•‹â”â”â”â”â”â•‹â”â”â”â”â”â”«
5 â”ƒ     â”ƒ     â”ƒ     â”ƒ     â”ƒ     â”ƒ     â”ƒ     â”ƒ     â”ƒ
  â” â”â”â”â”â”â•‹â”â”â”â”â”â•‹â”â”â”â”â”â•‹â”â”â”â”â”â•‹â”â”â”â”â”â•‹â”â”â”â”â”â•‹â”â”â”â”â”â•‹â”â”â”â”â”â”«
4 â”ƒ     â”ƒ     â”ƒ     â”ƒ     â”ƒ  â™™  â”ƒ     â”ƒ     â”ƒ     â”ƒ
  â” â”â”â”â”â”â•‹â”â”â”â”â”â•‹â”â”â”â”â”â•‹â”â”â”â”â”â•‹â”â”â”â”â”â•‹â”â”â”â”â”â•‹â”â”â”â”â”â•‹â”â”â”â”â”â”«
3 â”ƒ     â”ƒ     â”ƒ     â”ƒ     â”ƒ     â”ƒ     â”ƒ     â”ƒ     â”ƒ
  â” â”â”â”â”â”â•‹â”â”â”â”â”â•‹â”â”â”â”â”â•‹â”â”â”â”â”â•‹â”â”â”â”â”â•‹â”â”â”â”â”â•‹â”â”â”â”â”â•‹â”â”â”â”â”â”«
2 â”ƒ  â™™   â”ƒ  â™™  â”ƒ  â™™  â”ƒ  â™™  â”ƒ     â”ƒ  â™™  â”ƒ  â™™  â”ƒ  â™™  â”ƒ
  â” â”â”â”â”â”â•‹â”â”â”â”â”â•‹â”â”â”â”â”â•‹â”â”â”â”â”â•‹â”â”â”â”â”â•‹â”â”â”â”â”â•‹â”â”â”â”â”â•‹â”â”â”â”â”â”«
1 â”ƒ  â™–  â”ƒ  â™˜  â”ƒ  â™—  â”ƒ  â™•  â”ƒ  â™”  â”ƒ  â™—  â”ƒ  â™˜  â”ƒ  â™–  â”ƒ
  â”—â”â”â”â”â”â”»â”â”â”â”â”â”»â”â”â”â”â”â”»â”â”â”â”â”â”»â”â”â”â”â”â”»â”â”â”â”â”â”»â”â”â”â”â”â”»â”â”â”â”â”â”›
2. Blanc -> [Echec au Roi 1]
** verif pour a7->a6
** verif pour a7->a5
** verif pour a7->b6
** verif pour a7->a6
** verif pour a7->a5
** verif pour b7->b6
** verif pour b7->b5
** verif pour b7->c6
** verif pour b7->a6
** verif pour b7->b6
** verif pour b7->b5
** verif pour c7->c6
** verif pour c7->c5
** verif pour c7->d6
** verif pour c7->b6
** verif pour c7->c6
** verif pour c7->c5
** verif pour d7->d6
** verif pour d7->d5
** verif pour d7->e6
** verif pour d7->c6
** verif pour d7->d6
** verif pour d7->d5
** verif pour e7->e6
** verif pour e7->e5
** verif pour e7->f6
** verif pour e7->d6
** verif pour e7->e6
** verif pour e7->e5
** verif pour f6->f5
** verif pour f6->f4
** verif pour f6->g5
** verif pour f6->e5
** verif pour f6->f5
** verif pour g7->g6
** verif pour g7->g5
** verif pour g7->h6
** verif pour g7->f6
** verif pour g7->g6
** verif pour g7->g5
** verif pour h7->h6
** verif pour h7->h5
** verif pour h7->g6
** verif pour h7->h6
[d1h5]

     a     b     c     d     e     f     g     h    
  â”â”â”â”â”â”â”³â”â”â”â”â”â”³â”â”â”â”â”â”³â”â”â”â”â”â”³â”â”â”â”â”â”³â”â”â”â”â”â”³â”â”â”â”â”â”³â”â”â”â”â”â”“
8 â”ƒ  â™œ  â”ƒ  â™ž  â”ƒ  â™  â”ƒ  â™›  â”ƒ  â™š  â”ƒ  â™  â”ƒ  â™ž  â”ƒ  â™œ  â”ƒ
  â” â”â”â”â”â”â•‹â”â”â”â”â”â•‹â”â”â”â”â”â•‹â”â”â”â”â”â•‹â”â”â”â”â”â•‹â”â”â”â”â”â•‹â”â”â”â”â”â•‹â”â”â”â”â”â”«
7 â”ƒ  â™Ÿ   â”ƒ  â™Ÿ  â”ƒ  â™Ÿ  â”ƒ  â™Ÿ  â”ƒ  â™Ÿ  â”ƒ     â”ƒ  â™Ÿ  â”ƒ  â™Ÿ  â”ƒ
  â” â”â”â”â”â”â•‹â”â”â”â”â”â•‹â”â”â”â”â”â•‹â”â”â”â”â”â•‹â”â”â”â”â”â•‹â”â”â”â”â”â•‹â”â”â”â”â”â•‹â”â”â”â”â”â”«
6 â”ƒ     â”ƒ     â”ƒ     â”ƒ     â”ƒ     â”ƒ  â™Ÿ  â”ƒ     â”ƒ     â”ƒ
  â” â”â”â”â”â”â•‹â”â”â”â”â”â•‹â”â”â”â”â”â•‹â”â”â”â”â”â•‹â”â”â”â”â”â•‹â”â”â”â”â”â•‹â”â”â”â”â”â•‹â”â”â”â”â”â”«
5 â”ƒ     â”ƒ     â”ƒ     â”ƒ     â”ƒ     â”ƒ     â”ƒ     â”ƒ  â™•  â”ƒ
  â” â”â”â”â”â”â•‹â”â”â”â”â”â•‹â”â”â”â”â”â•‹â”â”â”â”â”â•‹â”â”â”â”â”â•‹â”â”â”â”â”â•‹â”â”â”â”â”â•‹â”â”â”â”â”â”«
4 â”ƒ     â”ƒ     â”ƒ     â”ƒ     â”ƒ  â™™  â”ƒ     â”ƒ     â”ƒ     â”ƒ
  â” â”â”â”â”â”â•‹â”â”â”â”â”â•‹â”â”â”â”â”â•‹â”â”â”â”â”â•‹â”â”â”â”â”â•‹â”â”â”â”â”â•‹â”â”â”â”â”â•‹â”â”â”â”â”â”«
3 â”ƒ     â”ƒ     â”ƒ     â”ƒ     â”ƒ     â”ƒ     â”ƒ     â”ƒ     â”ƒ
  â” â”â”â”â”â”â•‹â”â”â”â”â”â•‹â”â”â”â”â”â•‹â”â”â”â”â”â•‹â”â”â”â”â”â•‹â”â”â”â”â”â•‹â”â”â”â”â”â•‹â”â”â”â”â”â”«
2 â”ƒ  â™™   â”ƒ  â™™  â”ƒ  â™™  â”ƒ  â™™  â”ƒ     â”ƒ  â™™  â”ƒ  â™™  â”ƒ  â™™  â”ƒ
  â” â”â”â”â”â”â•‹â”â”â”â”â”â•‹â”â”â”â”â”â•‹â”â”â”â”â”â•‹â”â”â”â”â”â•‹â”â”â”â”â”â•‹â”â”â”â”â”â•‹â”â”â”â”â”â”«
1 â”ƒ  â™–  â”ƒ  â™˜  â”ƒ  â™—  â”ƒ     â”ƒ  â™”  â”ƒ  â™—  â”ƒ  â™˜  â”ƒ  â™–  â”ƒ
  â”—â”â”â”â”â”â”»â”â”â”â”â”â”»â”â”â”â”â”â”»â”â”â”â”â”â”»â”â”â”â”â”â”»â”â”â”â”â”â”»â”â”â”â”â”â”»â”â”â”â”â”â”›
2. Noir -> ** verif pour g7->g6
[g7g6]

     a     b     c     d     e     f     g     h    
  â”â”â”â”â”â”â”³â”â”â”â”â”â”³â”â”â”â”â”â”³â”â”â”â”â”â”³â”â”â”â”â”â”³â”â”â”â”â”â”³â”â”â”â”â”â”³â”â”â”â”â”â”“
8 â”ƒ  â™œ  â”ƒ  â™ž  â”ƒ  â™  â”ƒ  â™›  â”ƒ  â™š  â”ƒ  â™  â”ƒ  â™ž  â”ƒ  â™œ  â”ƒ
  â” â”â”â”â”â”â•‹â”â”â”â”â”â•‹â”â”â”â”â”â•‹â”â”â”â”â”â•‹â”â”â”â”â”â•‹â”â”â”â”â”â•‹â”â”â”â”â”â•‹â”â”â”â”â”â”«
7 â”ƒ  â™Ÿ   â”ƒ  â™Ÿ  â”ƒ  â™Ÿ  â”ƒ  â™Ÿ  â”ƒ  â™Ÿ  â”ƒ     â”ƒ     â”ƒ  â™Ÿ  â”ƒ
  â” â”â”â”â”â”â•‹â”â”â”â”â”â•‹â”â”â”â”â”â•‹â”â”â”â”â”â•‹â”â”â”â”â”â•‹â”â”â”â”â”â•‹â”â”â”â”â”â•‹â”â”â”â”â”â”«
6 â”ƒ     â”ƒ     â”ƒ     â”ƒ     â”ƒ     â”ƒ  â™Ÿ  â”ƒ  â™Ÿ  â”ƒ     â”ƒ
  â” â”â”â”â”â”â•‹â”â”â”â”â”â•‹â”â”â”â”â”â•‹â”â”â”â”â”â•‹â”â”â”â”â”â•‹â”â”â”â”â”â•‹â”â”â”â”â”â•‹â”â”â”â”â”â”«
5 â”ƒ     â”ƒ     â”ƒ     â”ƒ     â”ƒ     â”ƒ     â”ƒ     â”ƒ  â™•  â”ƒ
  â” â”â”â”â”â”â•‹â”â”â”â”â”â•‹â”â”â”â”â”â•‹â”â”â”â”â”â•‹â”â”â”â”â”â•‹â”â”â”â”â”â•‹â”â”â”â”â”â•‹â”â”â”â”â”â”«
4 â”ƒ     â”ƒ     â”ƒ     â”ƒ     â”ƒ  â™™  â”ƒ     â”ƒ     â”ƒ     â”ƒ
  â” â”â”â”â”â”â•‹â”â”â”â”â”â•‹â”â”â”â”â”â•‹â”â”â”â”â”â•‹â”â”â”â”â”â•‹â”â”â”â”â”â•‹â”â”â”â”â”â•‹â”â”â”â”â”â”«
3 â”ƒ     â”ƒ     â”ƒ     â”ƒ     â”ƒ     â”ƒ     â”ƒ     â”ƒ     â”ƒ
  â” â”â”â”â”â”â•‹â”â”â”â”â”â•‹â”â”â”â”â”â•‹â”â”â”â”â”â•‹â”â”â”â”â”â•‹â”â”â”â”â”â•‹â”â”â”â”â”â•‹â”â”â”â”â”â”«
2 â”ƒ  â™™   â”ƒ  â™™  â”ƒ  â™™  â”ƒ  â™™  â”ƒ     â”ƒ  â™™  â”ƒ  â™™  â”ƒ  â™™  â”ƒ
  â” â”â”â”â”â”â•‹â”â”â”â”â”â•‹â”â”â”â”â”â•‹â”â”â”â”â”â•‹â”â”â”â”â”â•‹â”â”â”â”â”â•‹â”â”â”â”â”â•‹â”â”â”â”â”â”«
1 â”ƒ  â™–  â”ƒ  â™˜  â”ƒ  â™—  â”ƒ     â”ƒ  â™”  â”ƒ  â™—  â”ƒ  â™˜  â”ƒ  â™–  â”ƒ
  â”—â”â”â”â”â”â”»â”â”â”â”â”â”»â”â”â”â”â”â”»â”â”â”â”â”â”»â”â”â”â”â”â”»â”â”â”â”â”â”»â”â”â”â”â”â”»â”â”â”â”â”â”›
3. Blanc -> [/quit]
=== PGN Format ===
1. e4 f6
2. Qh5+ g6
?-?
=== Raw Format ===
e2e4
f7f6
d1h5
g7g6

wR,wN,wB,,wK,wB,wN,wR,wP,wP,wP,wP,,wP,wP,wP,,,,,,,,,,,,,wP,,,,,,,,,,,wQ,,,,,,bP,bP,,bP,bP,bP,bP,bP,,,bP,bR,bN,bB,bQ,bK,bB,bN,bR, ?-?
  -> [0;32mreference position: OK[0m
  -> [0;32mreference result: OK[0m
  -> [0m(exit code=0)
data/2-ill-chess-1.txt
* Jeu initialisÃ© !

     a     b     c     d     e     f     g     h    
  â”â”â”â”â”â”â”³â”â”â”â”â”â”³â”â”â”â”â”â”³â”â”â”â”â”â”³â”â”â”â”â”â”³â”â”â”â”â”â”³â”â”â”â”â”â”³â”â”â”â”â”â”“
8 â”ƒ  â™œ  â”ƒ  â™ž  â”ƒ  â™  â”ƒ  â™›  â”ƒ  â™š  â”ƒ  â™  â”ƒ  â™ž  â”ƒ  â™œ  â”ƒ
  â” â”â”â”â”â”â•‹â”â”â”â”â”â•‹â”â”â”â”â”â•‹â”â”â”â”â”â•‹â”â”â”â”â”â•‹â”â”â”â”â”â•‹â”â”â”â”â”â•‹â”â”â”â”â”â”«
7 â”ƒ  â™Ÿ   â”ƒ  â™Ÿ  â”ƒ  â™Ÿ  â”ƒ  â™Ÿ  â”ƒ  â™Ÿ  â”ƒ  â™Ÿ  â”ƒ  â™Ÿ  â”ƒ  â™Ÿ  â”ƒ
  â” â”â”â”â”â”â•‹â”â”â”â”â”â•‹â”â”â”â”â”â•‹â”â”â”â”â”â•‹â”â”â”â”â”â•‹â”â”â”â”â”â•‹â”â”â”â”â”â•‹â”â”â”â”â”â”«
6 â”ƒ     â”ƒ     â”ƒ     â”ƒ     â”ƒ     â”ƒ     â”ƒ     â”ƒ     â”ƒ
  â” â”â”â”â”â”â•‹â”â”â”â”â”â•‹â”â”â”â”â”â•‹â”â”â”â”â”â•‹â”â”â”â”â”â•‹â”â”â”â”â”â•‹â”â”â”â”â”â•‹â”â”â”â”â”â”«
5 â”ƒ     â”ƒ     â”ƒ     â”ƒ     â”ƒ     â”ƒ     â”ƒ     â”ƒ     â”ƒ
  â” â”â”â”â”â”â•‹â”â”â”â”â”â•‹â”â”â”â”â”â•‹â”â”â”â”â”â•‹â”â”â”â”â”â•‹â”â”â”â”â”â•‹â”â”â”â”â”â•‹â”â”â”â”â”â”«
4 â”ƒ     â”ƒ     â”ƒ     â”ƒ     â”ƒ     â”ƒ     â”ƒ     â”ƒ     â”ƒ
  â” â”â”â”â”â”â•‹â”â”â”â”â”â•‹â”â”â”â”â”â•‹â”â”â”â”â”â•‹â”â”â”â”â”â•‹â”â”â”â”â”â•‹â”â”â”â”â”â•‹â”â”â”â”â”â”«
3 â”ƒ     â”ƒ     â”ƒ     â”ƒ     â”ƒ     â”ƒ     â”ƒ     â”ƒ     â”ƒ
  â” â”â”â”â”â”â•‹â”â”â”â”â”â•‹â”â”â”â”â”â•‹â”â”â”â”â”â•‹â”â”â”â”â”â•‹â”â”â”â”â”â•‹â”â”â”â”â”â•‹â”â”â”â”â”â”«
2 â”ƒ  â™™   â”ƒ  â™™  â”ƒ  â™™  â”ƒ  â™™  â”ƒ  â™™  â”ƒ  â™™  â”ƒ  â™™  â”ƒ  â™™  â”ƒ
  â” â”â”â”â”â”â•‹â”â”â”â”â”â•‹â”â”â”â”â”â•‹â”â”â”â”â”â•‹â”â”â”â”â”â•‹â”â”â”â”â”â•‹â”â”â”â”â”â•‹â”â”â”â”â”â”«
1 â”ƒ  â™–  â”ƒ  â™˜  â”ƒ  â™—  â”ƒ  â™•  â”ƒ  â™”  â”ƒ  â™—  â”ƒ  â™˜  â”ƒ  â™–  â”ƒ
  â”—â”â”â”â”â”â”»â”â”â”â”â”â”»â”â”â”â”â”â”»â”â”â”â”â”â”»â”â”â”â”â”â”»â”â”â”â”â”â”»â”â”â”â”â”â”»â”â”â”â”â”â”›
1. Blanc -> ** verif pour e2->e4
[e2e4]

     a     b     c     d     e     f     g     h    
  â”â”â”â”â”â”â”³â”â”â”â”â”â”³â”â”â”â”â”â”³â”â”â”â”â”â”³â”â”â”â”â”â”³â”â”â”â”â”â”³â”â”â”â”â”â”³â”â”â”â”â”â”“
8 â”ƒ  â™œ  â”ƒ  â™ž  â”ƒ  â™  â”ƒ  â™›  â”ƒ  â™š  â”ƒ  â™  â”ƒ  â™ž  â”ƒ  â™œ  â”ƒ
  â” â”â”â”â”â”â•‹â”â”â”â”â”â•‹â”â”â”â”â”â•‹â”â”â”â”â”â•‹â”â”â”â”â”â•‹â”â”â”â”â”â•‹â”â”â”â”â”â•‹â”â”â”â”â”â”«
7 â”ƒ  â™Ÿ   â”ƒ  â™Ÿ  â”ƒ  â™Ÿ  â”ƒ  â™Ÿ  â”ƒ  â™Ÿ  â”ƒ  â™Ÿ  â”ƒ  â™Ÿ  â”ƒ  â™Ÿ  â”ƒ
  â” â”â”â”â”â”â•‹â”â”â”â”â”â•‹â”â”â”â”â”â•‹â”â”â”â”â”â•‹â”â”â”â”â”â•‹â”â”â”â”â”â•‹â”â”â”â”â”â•‹â”â”â”â”â”â”«
6 â”ƒ     â”ƒ     â”ƒ     â”ƒ     â”ƒ     â”ƒ     â”ƒ     â”ƒ     â”ƒ
  â” â”â”â”â”â”â•‹â”â”â”â”â”â•‹â”â”â”â”â”â•‹â”â”â”â”â”â•‹â”â”â”â”â”â•‹â”â”â”â”â”â•‹â”â”â”â”â”â•‹â”â”â”â”â”â”«
5 â”ƒ     â”ƒ     â”ƒ     â”ƒ     â”ƒ     â”ƒ     â”ƒ     â”ƒ     â”ƒ
  â” â”â”â”â”â”â•‹â”â”â”â”â”â•‹â”â”â”â”â”â•‹â”â”â”â”â”â•‹â”â”â”â”â”â•‹â”â”â”â”â”â•‹â”â”â”â”â”â•‹â”â”â”â”â”â”«
4 â”ƒ     â”ƒ     â”ƒ     â”ƒ     â”ƒ  â™™  â”ƒ     â”ƒ     â”ƒ     â”ƒ
  â” â”â”â”â”â”â•‹â”â”â”â”â”â•‹â”â”â”â”â”â•‹â”â”â”â”â”â•‹â”â”â”â”â”â•‹â”â”â”â”â”â•‹â”â”â”â”â”â•‹â”â”â”â”â”â”«
3 â”ƒ     â”ƒ     â”ƒ     â”ƒ     â”ƒ     â”ƒ     â”ƒ     â”ƒ     â”ƒ
  â” â”â”â”â”â”â•‹â”â”â”â”â”â•‹â”â”â”â”â”â•‹â”â”â”â”â”â•‹â”â”â”â”â”â•‹â”â”â”â”â”â•‹â”â”â”â”â”â•‹â”â”â”â”â”â”«
2 â”ƒ  â™™   â”ƒ  â™™  â”ƒ  â™™  â”ƒ  â™™  â”ƒ     â”ƒ  â™™  â”ƒ  â™™  â”ƒ  â™™  â”ƒ
  â” â”â”â”â”â”â•‹â”â”â”â”â”â•‹â”â”â”â”â”â•‹â”â”â”â”â”â•‹â”â”â”â”â”â•‹â”â”â”â”â”â•‹â”â”â”â”â”â•‹â”â”â”â”â”â”«
1 â”ƒ  â™–  â”ƒ  â™˜  â”ƒ  â™—  â”ƒ  â™•  â”ƒ  â™”  â”ƒ  â™—  â”ƒ  â™˜  â”ƒ  â™–  â”ƒ
  â”—â”â”â”â”â”â”»â”â”â”â”â”â”»â”â”â”â”â”â”»â”â”â”â”â”â”»â”â”â”â”â”â”»â”â”â”â”â”â”»â”â”â”â”â”â”»â”â”â”â”â”â”›
1. Noir -> ** verif pour f7->f6
[f7f6]

     a     b     c     d     e     f     g     h    
  â”â”â”â”â”â”â”³â”â”â”â”â”â”³â”â”â”â”â”â”³â”â”â”â”â”â”³â”â”â”â”â”â”³â”â”â”â”â”â”³â”â”â”â”â”â”³â”â”â”â”â”â”“
8 â”ƒ  â™œ  â”ƒ  â™ž  â”ƒ  â™  â”ƒ  â™›  â”ƒ  â™š  â”ƒ  â™  â”ƒ  â™ž  â”ƒ  â™œ  â”ƒ
  â” â”â”â”â”â”â•‹â”â”â”â”â”â•‹â”â”â”â”â”â•‹â”â”â”â”â”â•‹â”â”â”â”â”â•‹â”â”â”â”â”â•‹â”â”â”â”â”â•‹â”â”â”â”â”â”«
7 â”ƒ  â™Ÿ   â”ƒ  â™Ÿ  â”ƒ  â™Ÿ  â”ƒ  â™Ÿ  â”ƒ  â™Ÿ  â”ƒ     â”ƒ  â™Ÿ  â”ƒ  â™Ÿ  â”ƒ
  â” â”â”â”â”â”â•‹â”â”â”â”â”â•‹â”â”â”â”â”â•‹â”â”â”â”â”â•‹â”â”â”â”â”â•‹â”â”â”â”â”â•‹â”â”â”â”â”â•‹â”â”â”â”â”â”«
6 â”ƒ     â”ƒ     â”ƒ     â”ƒ     â”ƒ     â”ƒ  â™Ÿ  â”ƒ     â”ƒ     â”ƒ
  â” â”â”â”â”â”â•‹â”â”â”â”â”â•‹â”â”â”â”â”â•‹â”â”â”â”â”â•‹â”â”â”â”â”â•‹â”â”â”â”â”â•‹â”â”â”â”â”â•‹â”â”â”â”â”â”«
5 â”ƒ     â”ƒ     â”ƒ     â”ƒ     â”ƒ     â”ƒ     â”ƒ     â”ƒ     â”ƒ
  â” â”â”â”â”â”â•‹â”â”â”â”â”â•‹â”â”â”â”â”â•‹â”â”â”â”â”â•‹â”â”â”â”â”â•‹â”â”â”â”â”â•‹â”â”â”â”â”â•‹â”â”â”â”â”â”«
4 â”ƒ     â”ƒ     â”ƒ     â”ƒ     â”ƒ  â™™  â”ƒ     â”ƒ     â”ƒ     â”ƒ
  â” â”â”â”â”â”â•‹â”â”â”â”â”â•‹â”â”â”â”â”â•‹â”â”â”â”â”â•‹â”â”â”â”â”â•‹â”â”â”â”â”â•‹â”â”â”â”â”â•‹â”â”â”â”â”â”«
3 â”ƒ     â”ƒ     â”ƒ     â”ƒ     â”ƒ     â”ƒ     â”ƒ     â”ƒ     â”ƒ
  â” â”â”â”â”â”â•‹â”â”â”â”â”â•‹â”â”â”â”â”â•‹â”â”â”â”â”â•‹â”â”â”â”â”â•‹â”â”â”â”â”â•‹â”â”â”â”â”â•‹â”â”â”â”â”â”«
2 â”ƒ  â™™   â”ƒ  â™™  â”ƒ  â™™  â”ƒ  â™™  â”ƒ     â”ƒ  â™™  â”ƒ  â™™  â”ƒ  â™™  â”ƒ
  â” â”â”â”â”â”â•‹â”â”â”â”â”â•‹â”â”â”â”â”â•‹â”â”â”â”â”â•‹â”â”â”â”â”â•‹â”â”â”â”â”â•‹â”â”â”â”â”â•‹â”â”â”â”â”â”«
1 â”ƒ  â™–  â”ƒ  â™˜  â”ƒ  â™—  â”ƒ  â™•  â”ƒ  â™”  â”ƒ  â™—  â”ƒ  â™˜  â”ƒ  â™–  â”ƒ
  â”—â”â”â”â”â”â”»â”â”â”â”â”â”»â”â”â”â”â”â”»â”â”â”â”â”â”»â”â”â”â”â”â”»â”â”â”â”â”â”»â”â”â”â”â”â”»â”â”â”â”â”â”›
2. Blanc -> [Echec au Roi 1]
** verif pour a7->a6
** verif pour a7->a5
** verif pour a7->b6
** verif pour a7->a6
** verif pour a7->a5
** verif pour b7->b6
** verif pour b7->b5
** verif pour b7->c6
** verif pour b7->a6
** verif pour b7->b6
** verif pour b7->b5
** verif pour c7->c6
** verif pour c7->c5
** verif pour c7->d6
** verif pour c7->b6
** verif pour c7->c6
** verif pour c7->c5
** verif pour d7->d6
** verif pour d7->d5
** verif pour d7->e6
** verif pour d7->c6
** verif pour d7->d6
** verif pour d7->d5
** verif pour e7->e6
** verif pour e7->e5
** verif pour e7->f6
** verif pour e7->d6
** verif pour e7->e6
** verif pour e7->e5
** verif pour f6->f5
** verif pour f6->f4
** verif pour f6->g5
** verif pour f6->e5
** verif pour f6->f5
** verif pour g7->g6
** verif pour g7->g5
** verif pour g7->h6
** verif pour g7->f6
** verif pour g7->g6
** verif pour g7->g5
** verif pour h7->h6
** verif pour h7->h5
** verif pour h7->g6
** verif pour h7->h6
[d1h5]

     a     b     c     d     e     f     g     h    
  â”â”â”â”â”â”â”³â”â”â”â”â”â”³â”â”â”â”â”â”³â”â”â”â”â”â”³â”â”â”â”â”â”³â”â”â”â”â”â”³â”â”â”â”â”â”³â”â”â”â”â”â”“
8 â”ƒ  â™œ  â”ƒ  â™ž  â”ƒ  â™  â”ƒ  â™›  â”ƒ  â™š  â”ƒ  â™  â”ƒ  â™ž  â”ƒ  â™œ  â”ƒ
  â” â”â”â”â”â”â•‹â”â”â”â”â”â•‹â”â”â”â”â”â•‹â”â”â”â”â”â•‹â”â”â”â”â”â•‹â”â”â”â”â”â•‹â”â”â”â”â”â•‹â”â”â”â”â”â”«
7 â”ƒ  â™Ÿ   â”ƒ  â™Ÿ  â”ƒ  â™Ÿ  â”ƒ  â™Ÿ  â”ƒ  â™Ÿ  â”ƒ     â”ƒ  â™Ÿ  â”ƒ  â™Ÿ  â”ƒ
  â” â”â”â”â”â”â•‹â”â”â”â”â”â•‹â”â”â”â”â”â•‹â”â”â”â”â”â•‹â”â”â”â”â”â•‹â”â”â”â”â”â•‹â”â”â”â”â”â•‹â”â”â”â”â”â”«
6 â”ƒ     â”ƒ     â”ƒ     â”ƒ     â”ƒ     â”ƒ  â™Ÿ  â”ƒ     â”ƒ     â”ƒ
  â” â”â”â”â”â”â•‹â”â”â”â”â”â•‹â”â”â”â”â”â•‹â”â”â”â”â”â•‹â”â”â”â”â”â•‹â”â”â”â”â”â•‹â”â”â”â”â”â•‹â”â”â”â”â”â”«
5 â”ƒ     â”ƒ     â”ƒ     â”ƒ     â”ƒ     â”ƒ     â”ƒ     â”ƒ  â™•  â”ƒ
  â” â”â”â”â”â”â•‹â”â”â”â”â”â•‹â”â”â”â”â”â•‹â”â”â”â”â”â•‹â”â”â”â”â”â•‹â”â”â”â”â”â•‹â”â”â”â”â”â•‹â”â”â”â”â”â”«
4 â”ƒ     â”ƒ     â”ƒ     â”ƒ     â”ƒ  â™™  â”ƒ     â”ƒ     â”ƒ     â”ƒ
  â” â”â”â”â”â”â•‹â”â”â”â”â”â•‹â”â”â”â”â”â•‹â”â”â”â”â”â•‹â”â”â”â”â”â•‹â”â”â”â”â”â•‹â”â”â”â”â”â•‹â”â”â”â”â”â”«
3 â”ƒ     â”ƒ     â”ƒ     â”ƒ     â”ƒ     â”ƒ     â”ƒ     â”ƒ     â”ƒ
  â” â”â”â”â”â”â•‹â”â”â”â”â”â•‹â”â”â”â”â”â•‹â”â”â”â”â”â•‹â”â”â”â”â”â•‹â”â”â”â”â”â•‹â”â”â”â”â”â•‹â”â”â”â”â”â”«
2 â”ƒ  â™™   â”ƒ  â™™  â”ƒ  â™™  â”ƒ  â™™  â”ƒ     â”ƒ  â™™  â”ƒ  â™™  â”ƒ  â™™  â”ƒ
  â” â”â”â”â”â”â•‹â”â”â”â”â”â•‹â”â”â”â”â”â•‹â”â”â”â”â”â•‹â”â”â”â”â”â•‹â”â”â”â”â”â•‹â”â”â”â”â”â•‹â”â”â”â”â”â”«
1 â”ƒ  â™–  â”ƒ  â™˜  â”ƒ  â™—  â”ƒ     â”ƒ  â™”  â”ƒ  â™—  â”ƒ  â™˜  â”ƒ  â™–  â”ƒ
  â”—â”â”â”â”â”â”»â”â”â”â”â”â”»â”â”â”â”â”â”»â”â”â”â”â”â”»â”â”â”â”â”â”»â”â”â”â”â”â”»â”â”â”â”â”â”»â”â”â”â”â”â”›
2. Noir -> ** verif pour a7->a6

     a     b     c     d     e     f     g     h    
  â”â”â”â”â”â”â”³â”â”â”â”â”â”³â”â”â”â”â”â”³â”â”â”â”â”â”³â”â”â”â”â”â”³â”â”â”â”â”â”³â”â”â”â”â”â”³â”â”â”â”â”â”“
8 â”ƒ  â™œ  â”ƒ  â™ž  â”ƒ  â™  â”ƒ  â™›  â”ƒ  â™š  â”ƒ  â™  â”ƒ  â™ž  â”ƒ  â™œ  â”ƒ
  â” â”â”â”â”â”â•‹â”â”â”â”â”â•‹â”â”â”â”â”â•‹â”â”â”â”â”â•‹â”â”â”â”â”â•‹â”â”â”â”â”â•‹â”â”â”â”â”â•‹â”â”â”â”â”â”«
7 â”ƒ  â™Ÿ   â”ƒ  â™Ÿ  â”ƒ  â™Ÿ  â”ƒ  â™Ÿ  â”ƒ  â™Ÿ  â”ƒ     â”ƒ  â™Ÿ  â”ƒ  â™Ÿ  â”ƒ
  â” â”â”â”â”â”â•‹â”â”â”â”â”â•‹â”â”â”â”â”â•‹â”â”â”â”â”â•‹â”â”â”â”â”â•‹â”â”â”â”â”â•‹â”â”â”â”â”â•‹â”â”â”â”â”â”«
6 â”ƒ     â”ƒ     â”ƒ     â”ƒ     â”ƒ     â”ƒ  â™Ÿ  â”ƒ     â”ƒ     â”ƒ
  â” â”â”â”â”â”â•‹â”â”â”â”â”â•‹â”â”â”â”â”â•‹â”â”â”â”â”â•‹â”â”â”â”â”â•‹â”â”â”â”â”â•‹â”â”â”â”â”â•‹â”â”â”â”â”â”«
5 â”ƒ     â”ƒ     â”ƒ     â”ƒ     â”ƒ     â”ƒ     â”ƒ     â”ƒ  â™•  â”ƒ
  â” â”â”â”â”â”â•‹â”â”â”â”â”â•‹â”â”â”â”â”â•‹â”â”â”â”â”â•‹â”â”â”â”â”â•‹â”â”â”â”â”â•‹â”â”â”â”â”â•‹â”â”â”â”â”â”«
4 â”ƒ     â”ƒ     â”ƒ     â”ƒ     â”ƒ  â™™  â”ƒ     â”ƒ     â”ƒ     â”ƒ
  â” â”â”â”â”â”â•‹â”â”â”â”â”â•‹â”â”â”â”â”â•‹â”â”â”â”â”â•‹â”â”â”â”â”â•‹â”â”â”â”â”â•‹â”â”â”â”â”â•‹â”â”â”â”â”â”«
3 â”ƒ     â”ƒ     â”ƒ     â”ƒ     â”ƒ     â”ƒ     â”ƒ     â”ƒ     â”ƒ
  â” â”â”â”â”â”â•‹â”â”â”â”â”â•‹â”â”â”â”â”â•‹â”â”â”â”â”â•‹â”â”â”â”â”â•‹â”â”â”â”â”â•‹â”â”â”â”â”â•‹â”â”â”â”â”â”«
2 â”ƒ  â™™   â”ƒ  â™™  â”ƒ  â™™  â”ƒ  â™™  â”ƒ     â”ƒ  â™™  â”ƒ  â™™  â”ƒ  â™™  â”ƒ
  â” â”â”â”â”â”â•‹â”â”â”â”â”â•‹â”â”â”â”â”â•‹â”â”â”â”â”â•‹â”â”â”â”â”â•‹â”â”â”â”â”â•‹â”â”â”â”â”â•‹â”â”â”â”â”â”«
1 â”ƒ  â™–  â”ƒ  â™˜  â”ƒ  â™—  â”ƒ     â”ƒ  â™”  â”ƒ  â™—  â”ƒ  â™˜  â”ƒ  â™–  â”ƒ
  â”—â”â”â”â”â”â”»â”â”â”â”â”â”»â”â”â”â”â”â”»â”â”â”â”â”â”»â”â”â”â”â”â”»â”â”â”â”â”â”»â”â”â”â”â”â”»â”â”â”â”â”â”›
2. Noir -> ** verif pour g7->g6
[g7g6]

     a     b     c     d     e     f     g     h    
  â”â”â”â”â”â”â”³â”â”â”â”â”â”³â”â”â”â”â”â”³â”â”â”â”â”â”³â”â”â”â”â”â”³â”â”â”â”â”â”³â”â”â”â”â”â”³â”â”â”â”â”â”“
8 â”ƒ  â™œ  â”ƒ  â™ž  â”ƒ  â™  â”ƒ  â™›  â”ƒ  â™š  â”ƒ  â™  â”ƒ  â™ž  â”ƒ  â™œ  â”ƒ
  â” â”â”â”â”â”â•‹â”â”â”â”â”â•‹â”â”â”â”â”â•‹â”â”â”â”â”â•‹â”â”â”â”â”â•‹â”â”â”â”â”â•‹â”â”â”â”â”â•‹â”â”â”â”â”â”«
7 â”ƒ  â™Ÿ   â”ƒ  â™Ÿ  â”ƒ  â™Ÿ  â”ƒ  â™Ÿ  â”ƒ  â™Ÿ  â”ƒ     â”ƒ     â”ƒ  â™Ÿ  â”ƒ
  â” â”â”â”â”â”â•‹â”â”â”â”â”â•‹â”â”â”â”â”â•‹â”â”â”â”â”â•‹â”â”â”â”â”â•‹â”â”â”â”â”â•‹â”â”â”â”â”â•‹â”â”â”â”â”â”«
6 â”ƒ     â”ƒ     â”ƒ     â”ƒ     â”ƒ     â”ƒ  â™Ÿ  â”ƒ  â™Ÿ  â”ƒ     â”ƒ
  â” â”â”â”â”â”â•‹â”â”â”â”â”â•‹â”â”â”â”â”â•‹â”â”â”â”â”â•‹â”â”â”â”â”â•‹â”â”â”â”â”â•‹â”â”â”â”â”â•‹â”â”â”â”â”â”«
5 â”ƒ     â”ƒ     â”ƒ     â”ƒ     â”ƒ     â”ƒ     â”ƒ     â”ƒ  â™•  â”ƒ
  â” â”â”â”â”â”â•‹â”â”â”â”â”â•‹â”â”â”â”â”â•‹â”â”â”â”â”â•‹â”â”â”â”â”â•‹â”â”â”â”â”â•‹â”â”â”â”â”â•‹â”â”â”â”â”â”«
4 â”ƒ     â”ƒ     â”ƒ     â”ƒ     â”ƒ  â™™  â”ƒ     â”ƒ     â”ƒ     â”ƒ
  â” â”â”â”â”â”â•‹â”â”â”â”â”â•‹â”â”â”â”â”â•‹â”â”â”â”â”â•‹â”â”â”â”â”â•‹â”â”â”â”â”â•‹â”â”â”â”â”â•‹â”â”â”â”â”â”«
3 â”ƒ     â”ƒ     â”ƒ     â”ƒ     â”ƒ     â”ƒ     â”ƒ     â”ƒ     â”ƒ
  â” â”â”â”â”â”â•‹â”â”â”â”â”â•‹â”â”â”â”â”â•‹â”â”â”â”â”â•‹â”â”â”â”â”â•‹â”â”â”â”â”â•‹â”â”â”â”â”â•‹â”â”â”â”â”â”«
2 â”ƒ  â™™   â”ƒ  â™™  â”ƒ  â™™  â”ƒ  â™™  â”ƒ     â”ƒ  â™™  â”ƒ  â™™  â”ƒ  â™™  â”ƒ
  â” â”â”â”â”â”â•‹â”â”â”â”â”â•‹â”â”â”â”â”â•‹â”â”â”â”â”â•‹â”â”â”â”â”â•‹â”â”â”â”â”â•‹â”â”â”â”â”â•‹â”â”â”â”â”â”«
1 â”ƒ  â™–  â”ƒ  â™˜  â”ƒ  â™—  â”ƒ     â”ƒ  â™”  â”ƒ  â™—  â”ƒ  â™˜  â”ƒ  â™–  â”ƒ
  â”—â”â”â”â”â”â”»â”â”â”â”â”â”»â”â”â”â”â”â”»â”â”â”â”â”â”»â”â”â”â”â”â”»â”â”â”â”â”â”»â”â”â”â”â”â”»â”â”â”â”â”â”›
3. Blanc -> [/quit]
=== PGN Format ===
1. e4 f6
2. Qh5+ g6
?-?
=== Raw Format ===
e2e4
f7f6
d1h5
g7g6

wR,wN,wB,,wK,wB,wN,wR,wP,wP,wP,wP,,wP,wP,wP,,,,,,,,,,,,,wP,,,,,,,,,,,wQ,,,,,,bP,bP,,bP,bP,bP,bP,bP,,,bP,bR,bN,bB,bQ,bK,bB,bN,bR, ?-?
  -> [0;32mreference position: OK[0m
  -> [0;32mreference result: OK[0m
  -> [0m(exit code=0)
data/2-ill-move-after-chess.txt
* Jeu initialisÃ© !

     a     b     c     d     e     f     g     h    
  â”â”â”â”â”â”â”³â”â”â”â”â”â”³â”â”â”â”â”â”³â”â”â”â”â”â”³â”â”â”â”â”â”³â”â”â”â”â”â”³â”â”â”â”â”â”³â”â”â”â”â”â”“
8 â”ƒ  â™œ  â”ƒ  â™ž  â”ƒ  â™  â”ƒ  â™›  â”ƒ  â™š  â”ƒ  â™  â”ƒ  â™ž  â”ƒ  â™œ  â”ƒ
  â” â”â”â”â”â”â•‹â”â”â”â”â”â•‹â”â”â”â”â”â•‹â”â”â”â”â”â•‹â”â”â”â”â”â•‹â”â”â”â”â”â•‹â”â”â”â”â”â•‹â”â”â”â”â”â”«
7 â”ƒ  â™Ÿ   â”ƒ  â™Ÿ  â”ƒ  â™Ÿ  â”ƒ  â™Ÿ  â”ƒ  â™Ÿ  â”ƒ  â™Ÿ  â”ƒ  â™Ÿ  â”ƒ  â™Ÿ  â”ƒ
  â” â”â”â”â”â”â•‹â”â”â”â”â”â•‹â”â”â”â”â”â•‹â”â”â”â”â”â•‹â”â”â”â”â”â•‹â”â”â”â”â”â•‹â”â”â”â”â”â•‹â”â”â”â”â”â”«
6 â”ƒ     â”ƒ     â”ƒ     â”ƒ     â”ƒ     â”ƒ     â”ƒ     â”ƒ     â”ƒ
  â” â”â”â”â”â”â•‹â”â”â”â”â”â•‹â”â”â”â”â”â•‹â”â”â”â”â”â•‹â”â”â”â”â”â•‹â”â”â”â”â”â•‹â”â”â”â”â”â•‹â”â”â”â”â”â”«
5 â”ƒ     â”ƒ     â”ƒ     â”ƒ     â”ƒ     â”ƒ     â”ƒ     â”ƒ     â”ƒ
  â” â”â”â”â”â”â•‹â”â”â”â”â”â•‹â”â”â”â”â”â•‹â”â”â”â”â”â•‹â”â”â”â”â”â•‹â”â”â”â”â”â•‹â”â”â”â”â”â•‹â”â”â”â”â”â”«
4 â”ƒ     â”ƒ     â”ƒ     â”ƒ     â”ƒ     â”ƒ     â”ƒ     â”ƒ     â”ƒ
  â” â”â”â”â”â”â•‹â”â”â”â”â”â•‹â”â”â”â”â”â•‹â”â”â”â”â”â•‹â”â”â”â”â”â•‹â”â”â”â”â”â•‹â”â”â”â”â”â•‹â”â”â”â”â”â”«
3 â”ƒ     â”ƒ     â”ƒ     â”ƒ     â”ƒ     â”ƒ     â”ƒ     â”ƒ     â”ƒ
  â” â”â”â”â”â”â•‹â”â”â”â”â”â•‹â”â”â”â”â”â•‹â”â”â”â”â”â•‹â”â”â”â”â”â•‹â”â”â”â”â”â•‹â”â”â”â”â”â•‹â”â”â”â”â”â”«
2 â”ƒ  â™™   â”ƒ  â™™  â”ƒ  â™™  â”ƒ  â™™  â”ƒ  â™™  â”ƒ  â™™  â”ƒ  â™™  â”ƒ  â™™  â”ƒ
  â” â”â”â”â”â”â•‹â”â”â”â”â”â•‹â”â”â”â”â”â•‹â”â”â”â”â”â•‹â”â”â”â”â”â•‹â”â”â”â”â”â•‹â”â”â”â”â”â•‹â”â”â”â”â”â”«
1 â”ƒ  â™–  â”ƒ  â™˜  â”ƒ  â™—  â”ƒ  â™•  â”ƒ  â™”  â”ƒ  â™—  â”ƒ  â™˜  â”ƒ  â™–  â”ƒ
  â”—â”â”â”â”â”â”»â”â”â”â”â”â”»â”â”â”â”â”â”»â”â”â”â”â”â”»â”â”â”â”â”â”»â”â”â”â”â”â”»â”â”â”â”â”â”»â”â”â”â”â”â”›
1. Blanc -> ** verif pour e2->e4
[e2e4]

     a     b     c     d     e     f     g     h    
  â”â”â”â”â”â”â”³â”â”â”â”â”â”³â”â”â”â”â”â”³â”â”â”â”â”â”³â”â”â”â”â”â”³â”â”â”â”â”â”³â”â”â”â”â”â”³â”â”â”â”â”â”“
8 â”ƒ  â™œ  â”ƒ  â™ž  â”ƒ  â™  â”ƒ  â™›  â”ƒ  â™š  â”ƒ  â™  â”ƒ  â™ž  â”ƒ  â™œ  â”ƒ
  â” â”â”â”â”â”â•‹â”â”â”â”â”â•‹â”â”â”â”â”â•‹â”â”â”â”â”â•‹â”â”â”â”â”â•‹â”â”â”â”â”â•‹â”â”â”â”â”â•‹â”â”â”â”â”â”«
7 â”ƒ  â™Ÿ   â”ƒ  â™Ÿ  â”ƒ  â™Ÿ  â”ƒ  â™Ÿ  â”ƒ  â™Ÿ  â”ƒ  â™Ÿ  â”ƒ  â™Ÿ  â”ƒ  â™Ÿ  â”ƒ
  â” â”â”â”â”â”â•‹â”â”â”â”â”â•‹â”â”â”â”â”â•‹â”â”â”â”â”â•‹â”â”â”â”â”â•‹â”â”â”â”â”â•‹â”â”â”â”â”â•‹â”â”â”â”â”â”«
6 â”ƒ     â”ƒ     â”ƒ     â”ƒ     â”ƒ     â”ƒ     â”ƒ     â”ƒ     â”ƒ
  â” â”â”â”â”â”â•‹â”â”â”â”â”â•‹â”â”â”â”â”â•‹â”â”â”â”â”â•‹â”â”â”â”â”â•‹â”â”â”â”â”â•‹â”â”â”â”â”â•‹â”â”â”â”â”â”«
5 â”ƒ     â”ƒ     â”ƒ     â”ƒ     â”ƒ     â”ƒ     â”ƒ     â”ƒ     â”ƒ
  â” â”â”â”â”â”â•‹â”â”â”â”â”â•‹â”â”â”â”â”â•‹â”â”â”â”â”â•‹â”â”â”â”â”â•‹â”â”â”â”â”â•‹â”â”â”â”â”â•‹â”â”â”â”â”â”«
4 â”ƒ     â”ƒ     â”ƒ     â”ƒ     â”ƒ  â™™  â”ƒ     â”ƒ     â”ƒ     â”ƒ
  â” â”â”â”â”â”â•‹â”â”â”â”â”â•‹â”â”â”â”â”â•‹â”â”â”â”â”â•‹â”â”â”â”â”â•‹â”â”â”â”â”â•‹â”â”â”â”â”â•‹â”â”â”â”â”â”«
3 â”ƒ     â”ƒ     â”ƒ     â”ƒ     â”ƒ     â”ƒ     â”ƒ     â”ƒ     â”ƒ
  â” â”â”â”â”â”â•‹â”â”â”â”â”â•‹â”â”â”â”â”â•‹â”â”â”â”â”â•‹â”â”â”â”â”â•‹â”â”â”â”â”â•‹â”â”â”â”â”â•‹â”â”â”â”â”â”«
2 â”ƒ  â™™   â”ƒ  â™™  â”ƒ  â™™  â”ƒ  â™™  â”ƒ     â”ƒ  â™™  â”ƒ  â™™  â”ƒ  â™™  â”ƒ
  â” â”â”â”â”â”â•‹â”â”â”â”â”â•‹â”â”â”â”â”â•‹â”â”â”â”â”â•‹â”â”â”â”â”â•‹â”â”â”â”â”â•‹â”â”â”â”â”â•‹â”â”â”â”â”â”«
1 â”ƒ  â™–  â”ƒ  â™˜  â”ƒ  â™—  â”ƒ  â™•  â”ƒ  â™”  â”ƒ  â™—  â”ƒ  â™˜  â”ƒ  â™–  â”ƒ
  â”—â”â”â”â”â”â”»â”â”â”â”â”â”»â”â”â”â”â”â”»â”â”â”â”â”â”»â”â”â”â”â”â”»â”â”â”â”â”â”»â”â”â”â”â”â”»â”â”â”â”â”â”›
1. Noir -> ** verif pour d7->d5
[d7d5]

     a     b     c     d     e     f     g     h    
  â”â”â”â”â”â”â”³â”â”â”â”â”â”³â”â”â”â”â”â”³â”â”â”â”â”â”³â”â”â”â”â”â”³â”â”â”â”â”â”³â”â”â”â”â”â”³â”â”â”â”â”â”“
8 â”ƒ  â™œ  â”ƒ  â™ž  â”ƒ  â™  â”ƒ  â™›  â”ƒ  â™š  â”ƒ  â™  â”ƒ  â™ž  â”ƒ  â™œ  â”ƒ
  â” â”â”â”â”â”â•‹â”â”â”â”â”â•‹â”â”â”â”â”â•‹â”â”â”â”â”â•‹â”â”â”â”â”â•‹â”â”â”â”â”â•‹â”â”â”â”â”â•‹â”â”â”â”â”â”«
7 â”ƒ  â™Ÿ   â”ƒ  â™Ÿ  â”ƒ  â™Ÿ  â”ƒ     â”ƒ  â™Ÿ  â”ƒ  â™Ÿ  â”ƒ  â™Ÿ  â”ƒ  â™Ÿ  â”ƒ
  â” â”â”â”â”â”â•‹â”â”â”â”â”â•‹â”â”â”â”â”â•‹â”â”â”â”â”â•‹â”â”â”â”â”â•‹â”â”â”â”â”â•‹â”â”â”â”â”â•‹â”â”â”â”â”â”«
6 â”ƒ     â”ƒ     â”ƒ     â”ƒ     â”ƒ     â”ƒ     â”ƒ     â”ƒ     â”ƒ
  â” â”â”â”â”â”â•‹â”â”â”â”â”â•‹â”â”â”â”â”â•‹â”â”â”â”â”â•‹â”â”â”â”â”â•‹â”â”â”â”â”â•‹â”â”â”â”â”â•‹â”â”â”â”â”â”«
5 â”ƒ     â”ƒ     â”ƒ     â”ƒ  â™Ÿ  â”ƒ     â”ƒ     â”ƒ     â”ƒ     â”ƒ
  â” â”â”â”â”â”â•‹â”â”â”â”â”â•‹â”â”â”â”â”â•‹â”â”â”â”â”â•‹â”â”â”â”â”â•‹â”â”â”â”â”â•‹â”â”â”â”â”â•‹â”â”â”â”â”â”«
4 â”ƒ     â”ƒ     â”ƒ     â”ƒ     â”ƒ  â™™  â”ƒ     â”ƒ     â”ƒ     â”ƒ
  â” â”â”â”â”â”â•‹â”â”â”â”â”â•‹â”â”â”â”â”â•‹â”â”â”â”â”â•‹â”â”â”â”â”â•‹â”â”â”â”â”â•‹â”â”â”â”â”â•‹â”â”â”â”â”â”«
3 â”ƒ     â”ƒ     â”ƒ     â”ƒ     â”ƒ     â”ƒ     â”ƒ     â”ƒ     â”ƒ
  â” â”â”â”â”â”â•‹â”â”â”â”â”â•‹â”â”â”â”â”â•‹â”â”â”â”â”â•‹â”â”â”â”â”â•‹â”â”â”â”â”â•‹â”â”â”â”â”â•‹â”â”â”â”â”â”«
2 â”ƒ  â™™   â”ƒ  â™™  â”ƒ  â™™  â”ƒ  â™™  â”ƒ     â”ƒ  â™™  â”ƒ  â™™  â”ƒ  â™™  â”ƒ
  â” â”â”â”â”â”â•‹â”â”â”â”â”â•‹â”â”â”â”â”â•‹â”â”â”â”â”â•‹â”â”â”â”â”â•‹â”â”â”â”â”â•‹â”â”â”â”â”â•‹â”â”â”â”â”â”«
1 â”ƒ  â™–  â”ƒ  â™˜  â”ƒ  â™—  â”ƒ  â™•  â”ƒ  â™”  â”ƒ  â™—  â”ƒ  â™˜  â”ƒ  â™–  â”ƒ
  â”—â”â”â”â”â”â”»â”â”â”â”â”â”»â”â”â”â”â”â”»â”â”â”â”â”â”»â”â”â”â”â”â”»â”â”â”â”â”â”»â”â”â”â”â”â”»â”â”â”â”â”â”›
2. Blanc -> [Echec au Roi 1]
** verif pour a7->a6
** verif pour a7->a5
** verif pour a7->b6
** verif pour a7->a6
** verif pour a7->a5
** verif pour b7->b6
** verif pour b7->b5
** verif pour b7->c6
** verif pour b7->a6
** verif pour b7->b6
** verif pour c7->c6
** verif pour c7->c5
** verif pour c7->d6
** verif pour c7->b6
** verif pour c7->c6
** verif pour c7->c5
** verif pour d5->d4
** verif pour d5->d3
** verif pour d5->e4
** verif pour d5->c4
** verif pour d5->d4
** verif pour d5->e4
** verif pour e7->e6
** verif pour e7->e5
** verif pour e7->f6
** verif pour e7->d6
** verif pour e7->e6
** verif pour e7->e5
** verif pour f7->f6
** verif pour f7->f5
** verif pour f7->g6
** verif pour f7->e6
** verif pour f7->f6
** verif pour f7->f5
** verif pour g7->g6
** verif pour g7->g5
** verif pour g7->h6
** verif pour g7->f6
** verif pour g7->g6
** verif pour g7->g5
** verif pour h7->h6
** verif pour h7->h5
** verif pour h7->g6
** verif pour h7->h6
** verif pour h7->h5
[f1b5]

     a     b     c     d     e     f     g     h    
  â”â”â”â”â”â”â”³â”â”â”â”â”â”³â”â”â”â”â”â”³â”â”â”â”â”â”³â”â”â”â”â”â”³â”â”â”â”â”â”³â”â”â”â”â”â”³â”â”â”â”â”â”“
8 â”ƒ  â™œ  â”ƒ  â™ž  â”ƒ  â™  â”ƒ  â™›  â”ƒ  â™š  â”ƒ  â™  â”ƒ  â™ž  â”ƒ  â™œ  â”ƒ
  â” â”â”â”â”â”â•‹â”â”â”â”â”â•‹â”â”â”â”â”â•‹â”â”â”â”â”â•‹â”â”â”â”â”â•‹â”â”â”â”â”â•‹â”â”â”â”â”â•‹â”â”â”â”â”â”«
7 â”ƒ  â™Ÿ   â”ƒ  â™Ÿ  â”ƒ  â™Ÿ  â”ƒ     â”ƒ  â™Ÿ  â”ƒ  â™Ÿ  â”ƒ  â™Ÿ  â”ƒ  â™Ÿ  â”ƒ
  â” â”â”â”â”â”â•‹â”â”â”â”â”â•‹â”â”â”â”â”â•‹â”â”â”â”â”â•‹â”â”â”â”â”â•‹â”â”â”â”â”â•‹â”â”â”â”â”â•‹â”â”â”â”â”â”«
6 â”ƒ     â”ƒ     â”ƒ     â”ƒ     â”ƒ     â”ƒ     â”ƒ     â”ƒ     â”ƒ
  â” â”â”â”â”â”â•‹â”â”â”â”â”â•‹â”â”â”â”â”â•‹â”â”â”â”â”â•‹â”â”â”â”â”â•‹â”â”â”â”â”â•‹â”â”â”â”â”â•‹â”â”â”â”â”â”«
5 â”ƒ     â”ƒ  â™—  â”ƒ     â”ƒ  â™Ÿ  â”ƒ     â”ƒ     â”ƒ     â”ƒ     â”ƒ
  â” â”â”â”â”â”â•‹â”â”â”â”â”â•‹â”â”â”â”â”â•‹â”â”â”â”â”â•‹â”â”â”â”â”â•‹â”â”â”â”â”â•‹â”â”â”â”â”â•‹â”â”â”â”â”â”«
4 â”ƒ     â”ƒ     â”ƒ     â”ƒ     â”ƒ  â™™  â”ƒ     â”ƒ     â”ƒ     â”ƒ
  â” â”â”â”â”â”â•‹â”â”â”â”â”â•‹â”â”â”â”â”â•‹â”â”â”â”â”â•‹â”â”â”â”â”â•‹â”â”â”â”â”â•‹â”â”â”â”â”â•‹â”â”â”â”â”â”«
3 â”ƒ     â”ƒ     â”ƒ     â”ƒ     â”ƒ     â”ƒ     â”ƒ     â”ƒ     â”ƒ
  â” â”â”â”â”â”â•‹â”â”â”â”â”â•‹â”â”â”â”â”â•‹â”â”â”â”â”â•‹â”â”â”â”â”â•‹â”â”â”â”â”â•‹â”â”â”â”â”â•‹â”â”â”â”â”â”«
2 â”ƒ  â™™   â”ƒ  â™™  â”ƒ  â™™  â”ƒ  â™™  â”ƒ     â”ƒ  â™™  â”ƒ  â™™  â”ƒ  â™™  â”ƒ
  â” â”â”â”â”â”â•‹â”â”â”â”â”â•‹â”â”â”â”â”â•‹â”â”â”â”â”â•‹â”â”â”â”â”â•‹â”â”â”â”â”â•‹â”â”â”â”â”â•‹â”â”â”â”â”â”«
1 â”ƒ  â™–  â”ƒ  â™˜  â”ƒ  â™—  â”ƒ  â™•  â”ƒ  â™”  â”ƒ     â”ƒ  â™˜  â”ƒ  â™–  â”ƒ
  â”—â”â”â”â”â”â”»â”â”â”â”â”â”»â”â”â”â”â”â”»â”â”â”â”â”â”»â”â”â”â”â”â”»â”â”â”â”â”â”»â”â”â”â”â”â”»â”â”â”â”â”â”›
2. Noir -> 
     a     b     c     d     e     f     g     h    
  â”â”â”â”â”â”â”³â”â”â”â”â”â”³â”â”â”â”â”â”³â”â”â”â”â”â”³â”â”â”â”â”â”³â”â”â”â”â”â”³â”â”â”â”â”â”³â”â”â”â”â”â”“
8 â”ƒ  â™œ  â”ƒ  â™ž  â”ƒ  â™  â”ƒ  â™›  â”ƒ  â™š  â”ƒ  â™  â”ƒ  â™ž  â”ƒ  â™œ  â”ƒ
  â” â”â”â”â”â”â•‹â”â”â”â”â”â•‹â”â”â”â”â”â•‹â”â”â”â”â”â•‹â”â”â”â”â”â•‹â”â”â”â”â”â•‹â”â”â”â”â”â•‹â”â”â”â”â”â”«
7 â”ƒ  â™Ÿ   â”ƒ  â™Ÿ  â”ƒ  â™Ÿ  â”ƒ     â”ƒ  â™Ÿ  â”ƒ  â™Ÿ  â”ƒ  â™Ÿ  â”ƒ  â™Ÿ  â”ƒ
  â” â”â”â”â”â”â•‹â”â”â”â”â”â•‹â”â”â”â”â”â•‹â”â”â”â”â”â•‹â”â”â”â”â”â•‹â”â”â”â”â”â•‹â”â”â”â”â”â•‹â”â”â”â”â”â”«
6 â”ƒ     â”ƒ     â”ƒ     â”ƒ     â”ƒ     â”ƒ     â”ƒ     â”ƒ     â”ƒ
  â” â”â”â”â”â”â•‹â”â”â”â”â”â•‹â”â”â”â”â”â•‹â”â”â”â”â”â•‹â”â”â”â”â”â•‹â”â”â”â”â”â•‹â”â”â”â”â”â•‹â”â”â”â”â”â”«
5 â”ƒ     â”ƒ  â™—  â”ƒ     â”ƒ  â™Ÿ  â”ƒ     â”ƒ     â”ƒ     â”ƒ     â”ƒ
  â” â”â”â”â”â”â•‹â”â”â”â”â”â•‹â”â”â”â”â”â•‹â”â”â”â”â”â•‹â”â”â”â”â”â•‹â”â”â”â”â”â•‹â”â”â”â”â”â•‹â”â”â”â”â”â”«
4 â”ƒ     â”ƒ     â”ƒ     â”ƒ     â”ƒ  â™™  â”ƒ     â”ƒ     â”ƒ     â”ƒ
  â” â”â”â”â”â”â•‹â”â”â”â”â”â•‹â”â”â”â”â”â•‹â”â”â”â”â”â•‹â”â”â”â”â”â•‹â”â”â”â”â”â•‹â”â”â”â”â”â•‹â”â”â”â”â”â”«
3 â”ƒ     â”ƒ     â”ƒ     â”ƒ     â”ƒ     â”ƒ     â”ƒ     â”ƒ     â”ƒ
  â” â”â”â”â”â”â•‹â”â”â”â”â”â•‹â”â”â”â”â”â•‹â”â”â”â”â”â•‹â”â”â”â”â”â•‹â”â”â”â”â”â•‹â”â”â”â”â”â•‹â”â”â”â”â”â”«
2 â”ƒ  â™™   â”ƒ  â™™  â”ƒ  â™™  â”ƒ  â™™  â”ƒ     â”ƒ  â™™  â”ƒ  â™™  â”ƒ  â™™  â”ƒ
  â” â”â”â”â”â”â•‹â”â”â”â”â”â•‹â”â”â”â”â”â•‹â”â”â”â”â”â•‹â”â”â”â”â”â•‹â”â”â”â”â”â•‹â”â”â”â”â”â•‹â”â”â”â”â”â”«
1 â”ƒ  â™–  â”ƒ  â™˜  â”ƒ  â™—  â”ƒ  â™•  â”ƒ  â™”  â”ƒ     â”ƒ  â™˜  â”ƒ  â™–  â”ƒ
  â”—â”â”â”â”â”â”»â”â”â”â”â”â”»â”â”â”â”â”â”»â”â”â”â”â”â”»â”â”â”â”â”â”»â”â”â”â”â”â”»â”â”â”â”â”â”»â”â”â”â”â”â”›
2. Noir -> ** verif pour c7->c6
[c7c6]

     a     b     c     d     e     f     g     h    
  â”â”â”â”â”â”â”³â”â”â”â”â”â”³â”â”â”â”â”â”³â”â”â”â”â”â”³â”â”â”â”â”â”³â”â”â”â”â”â”³â”â”â”â”â”â”³â”â”â”â”â”â”“
8 â”ƒ  â™œ  â”ƒ  â™ž  â”ƒ  â™  â”ƒ  â™›  â”ƒ  â™š  â”ƒ  â™  â”ƒ  â™ž  â”ƒ  â™œ  â”ƒ
  â” â”â”â”â”â”â•‹â”â”â”â”â”â•‹â”â”â”â”â”â•‹â”â”â”â”â”â•‹â”â”â”â”â”â•‹â”â”â”â”â”â•‹â”â”â”â”â”â•‹â”â”â”â”â”â”«
7 â”ƒ  â™Ÿ   â”ƒ  â™Ÿ  â”ƒ     â”ƒ     â”ƒ  â™Ÿ  â”ƒ  â™Ÿ  â”ƒ  â™Ÿ  â”ƒ  â™Ÿ  â”ƒ
  â” â”â”â”â”â”â•‹â”â”â”â”â”â•‹â”â”â”â”â”â•‹â”â”â”â”â”â•‹â”â”â”â”â”â•‹â”â”â”â”â”â•‹â”â”â”â”â”â•‹â”â”â”â”â”â”«
6 â”ƒ     â”ƒ     â”ƒ  â™Ÿ  â”ƒ     â”ƒ     â”ƒ     â”ƒ     â”ƒ     â”ƒ
  â” â”â”â”â”â”â•‹â”â”â”â”â”â•‹â”â”â”â”â”â•‹â”â”â”â”â”â•‹â”â”â”â”â”â•‹â”â”â”â”â”â•‹â”â”â”â”â”â•‹â”â”â”â”â”â”«
5 â”ƒ     â”ƒ  â™—  â”ƒ     â”ƒ  â™Ÿ  â”ƒ     â”ƒ     â”ƒ     â”ƒ     â”ƒ
  â” â”â”â”â”â”â•‹â”â”â”â”â”â•‹â”â”â”â”â”â•‹â”â”â”â”â”â•‹â”â”â”â”â”â•‹â”â”â”â”â”â•‹â”â”â”â”â”â•‹â”â”â”â”â”â”«
4 â”ƒ     â”ƒ     â”ƒ     â”ƒ     â”ƒ  â™™  â”ƒ     â”ƒ     â”ƒ     â”ƒ
  â” â”â”â”â”â”â•‹â”â”â”â”â”â•‹â”â”â”â”â”â•‹â”â”â”â”â”â•‹â”â”â”â”â”â•‹â”â”â”â”â”â•‹â”â”â”â”â”â•‹â”â”â”â”â”â”«
3 â”ƒ     â”ƒ     â”ƒ     â”ƒ     â”ƒ     â”ƒ     â”ƒ     â”ƒ     â”ƒ
  â” â”â”â”â”â”â•‹â”â”â”â”â”â•‹â”â”â”â”â”â•‹â”â”â”â”â”â•‹â”â”â”â”â”â•‹â”â”â”â”â”â•‹â”â”â”â”â”â•‹â”â”â”â”â”â”«
2 â”ƒ  â™™   â”ƒ  â™™  â”ƒ  â™™  â”ƒ  â™™  â”ƒ     â”ƒ  â™™  â”ƒ  â™™  â”ƒ  â™™  â”ƒ
  â” â”â”â”â”â”â•‹â”â”â”â”â”â•‹â”â”â”â”â”â•‹â”â”â”â”â”â•‹â”â”â”â”â”â•‹â”â”â”â”â”â•‹â”â”â”â”â”â•‹â”â”â”â”â”â”«
1 â”ƒ  â™–  â”ƒ  â™˜  â”ƒ  â™—  â”ƒ  â™•  â”ƒ  â™”  â”ƒ     â”ƒ  â™˜  â”ƒ  â™–  â”ƒ
  â”—â”â”â”â”â”â”»â”â”â”â”â”â”»â”â”â”â”â”â”»â”â”â”â”â”â”»â”â”â”â”â”â”»â”â”â”â”â”â”»â”â”â”â”â”â”»â”â”â”â”â”â”›
3. Blanc -> [/quit]
=== PGN Format ===
1. e4 d5
2. Bb5+ c6
?-?
=== Raw Format ===
e2e4
d7d5
f1b5
c7c6

wR,wN,wB,wQ,wK,,wN,wR,wP,wP,wP,wP,,wP,wP,wP,,,,,,,,,,,,,wP,,,,,wB,,bP,,,,,,,bP,,,,,,bP,bP,,,bP,bP,bP,bP,bR,bN,bB,bQ,bK,bB,bN,bR, ?-?
  -> [0;32mreference position: OK[0m
  -> [0;32mreference result: OK[0m
  -> [0m(exit code=0)
